// Jest Snapshot v1, https://goo.gl/fbAQLP

exports[`render an Article should render Article correctly 1`] = `
<article
  className="card news-article"
>
  <span
    className="fa fa-newspaper-o"
  />
  <div
    className="card-body d-flex align-items-center justify-content-end flex-column"
  >
    <h2
      className=" card-title"
    >
      rrr
    </h2>
    <a
      className="card-link"
      href={null}
    >
      read source
    </a>
  </div>
</article>
`;
