// Jest Snapshot v1, https://goo.gl/fbAQLP

exports[`render a Footer should render Footer correctly 1`] = `
<footer
  className="card site-footer d-flex align-items-center flex-column"
>
  <p
    className="d-none d-sm-block"
  >
    Developer: Saroko Igor Viktorovich
  </p>
  <p
    className="d-block d-sm-none"
  >
    Developer: Saroko I.V.
  </p>
  <p>
    Powered by News API
  </p>
</footer>
`;
