// Jest Snapshot v1, https://goo.gl/fbAQLP

exports[`render a NavigationPanel should render NavigationPanel correctly 1`] = `
<nav
  className="navigation-panel flex-column flex-lg-row align-self-stretch nav nav-pills justify-content-center align-items-center "
>
  <NavLink
    activeClassName="active"
    aria-current="page"
    className="nav-item nav-link"
    exact={true}
    key="1"
    onClick={[Function]}
    to="destination 1"
  />
  <NavLink
    activeClassName="active"
    aria-current="page"
    className="nav-item nav-link"
    exact={true}
    key="2"
    onClick={[Function]}
    to="destination 2"
  />
</nav>
`;
