// Jest Snapshot v1, https://goo.gl/fbAQLP

exports[`render an Header should render Header correctly 1`] = `
<Header
  navMenuIsOpened={false}
  toggleNavLinks={[MockFunction]}
>
  <div
    className="site-header d-flex align-items-center flex-column"
  >
    <div
      className="d-flex align-items-center"
    >
      <span>
        <NewsIcon
          className="site-header-icon"
          height={150}
          width={150}
        >
          <svg
            data-name="Layer 1"
            height={150}
            id="Layer_1"
            viewBox="0 0 150 150"
            width={150}
            xmlns="http://www.w3.org/2000/svg"
          >
            <defs />
            <circle
              className="cls-1"
              cx="75"
              cy="75"
              r="65"
            />
            <path
              className="cls-2"
              d="M43.72,102.56h70.44a0.92,0.92,0,0,0,.86-1V47.26a0.92,0.92,0,0,0-.86-1H43.72a0.92,0.92,0,0,0-.86,1v54.33A0.92,0.92,0,0,0,43.72,102.56Z"
            />
            <path
              className="cls-3"
              d="M109.4,71.13a1,1,0,0,1-1,1H83.51a1,1,0,0,1-1-1V53.83a1,1,0,0,1,1-1h24.86a1,1,0,0,1,1,1v17.3Z"
            />
            <rect
              className="cls-1"
              height="4.55"
              width="8.67"
              x="48.92"
              y="52.81"
            />
            <rect
              className="cls-1"
              height="2.57"
              width="29.34"
              x="48.92"
              y="69.67"
            />
            <rect
              className="cls-1"
              height="2.57"
              width="29.34"
              x="48.92"
              y="65.48"
            />
            <rect
              className="cls-1"
              height="3.04"
              width="60.49"
              x="48.92"
              y="77.51"
            />
            <rect
              className="cls-1"
              height="3.04"
              width="60.49"
              x="48.92"
              y="82.71"
            />
            <rect
              className="cls-1"
              height="3.04"
              width="60.49"
              x="48.92"
              y="87.98"
            />
            <rect
              className="cls-1"
              height="3.04"
              width="60.49"
              x="48.92"
              y="93.49"
            />
            <path
              className="cls-2"
              d="M42,49.48l-5,.2a0.82,0.82,0,0,0-.64.95l5,51a0.85,0.85,0,0,0,.67.88V49.48Z"
            />
            <path
              className="cls-2"
              d="M40.51,101.67L35.65,51.75,31,51.94a0.83,0.83,0,0,0-.64.95l9.36,48.58a0.83,0.83,0,0,0,.7.89h0.35A1,1,0,0,1,40.51,101.67Z"
            />
          </svg>
        </NewsIcon>
      </span>
      <h1>
        News from all over the world
      </h1>
      <button
        className="nav-menu-button d-block d-lg-none"
        onClick={[Function]}
      >
        <span
          className="fa fa-bars"
        />
      </button>
    </div>
    <SlideDown
      className="animation-lg-disabled"
    >
      <TransitionGroup
        childFactory={[Function]}
        component={[Function]}
      >
        <SlideDownWrapper>
          <SlideDownContent
            className="animation-lg-disabled"
            closed={false}
            key=".$.$content"
            transitionOnAppear={true}
          >
            <div
              className="react-slidedown animation-lg-disabled"
              onTransitionEnd={[Function]}
            >
              <NavigationPanel
                className="site-header-navigation d-lg-flex d-none"
                navLinksCallback={[Function]}
                navigationLinks={
                  Array [
                    Object {
                      "destination": "/",
                      "id": "nav-link-1",
                      "isActive": [Function],
                      "title": "Top news",
                    },
                    Object {
                      "destination": "/details",
                      "id": "nav-link-5",
                      "isActive": null,
                      "title": "Detailed news",
                    },
                    Object {
                      "destination": "/second",
                      "id": "nav-link-3",
                      "isActive": null,
                      "title": "Super news",
                    },
                    Object {
                      "destination": "/third",
                      "id": "nav-link-4",
                      "isActive": null,
                      "title": "Mega news",
                    },
                  ]
                }
              >
                <nav
                  className="navigation-panel flex-column flex-lg-row align-self-stretch nav nav-pills justify-content-center align-items-center site-header-navigation d-lg-flex d-none"
                >
                  <NavLink
                    activeClassName="active"
                    aria-current="page"
                    className="nav-item nav-link"
                    exact={true}
                    isActive={[Function]}
                    key="nav-link-1"
                    onClick={[Function]}
                    to="/"
                  >
                    <Route
                      exact={true}
                      path="\\\\/"
                    >
                      <Link
                        aria-current="page"
                        className="nav-item nav-link active"
                        onClick={[Function]}
                        replace={false}
                        style={Object {}}
                        to="/"
                      >
                        <a
                          aria-current="page"
                          className="nav-item nav-link active"
                          href="/"
                          onClick={[Function]}
                          style={Object {}}
                        >
                          Top news
                        </a>
                      </Link>
                    </Route>
                  </NavLink>
                  <NavLink
                    activeClassName="active"
                    aria-current="page"
                    className="nav-item nav-link"
                    exact={true}
                    isActive={null}
                    key="nav-link-5"
                    onClick={[Function]}
                    to="/details"
                  >
                    <Route
                      exact={true}
                      path="\\\\/details"
                    >
                      <Link
                        aria-current={null}
                        className="nav-item nav-link"
                        onClick={[Function]}
                        replace={false}
                        to="/details"
                      >
                        <a
                          aria-current={null}
                          className="nav-item nav-link"
                          href="/details"
                          onClick={[Function]}
                        >
                          Detailed news
                        </a>
                      </Link>
                    </Route>
                  </NavLink>
                  <NavLink
                    activeClassName="active"
                    aria-current="page"
                    className="nav-item nav-link"
                    exact={true}
                    isActive={null}
                    key="nav-link-3"
                    onClick={[Function]}
                    to="/second"
                  >
                    <Route
                      exact={true}
                      path="\\\\/second"
                    >
                      <Link
                        aria-current={null}
                        className="nav-item nav-link"
                        onClick={[Function]}
                        replace={false}
                        to="/second"
                      >
                        <a
                          aria-current={null}
                          className="nav-item nav-link"
                          href="/second"
                          onClick={[Function]}
                        >
                          Super news
                        </a>
                      </Link>
                    </Route>
                  </NavLink>
                  <NavLink
                    activeClassName="active"
                    aria-current="page"
                    className="nav-item nav-link"
                    exact={true}
                    isActive={null}
                    key="nav-link-4"
                    onClick={[Function]}
                    to="/third"
                  >
                    <Route
                      exact={true}
                      path="\\\\/third"
                    >
                      <Link
                        aria-current={null}
                        className="nav-item nav-link"
                        onClick={[Function]}
                        replace={false}
                        to="/third"
                      >
                        <a
                          aria-current={null}
                          className="nav-item nav-link"
                          href="/third"
                          onClick={[Function]}
                        >
                          Mega news
                        </a>
                      </Link>
                    </Route>
                  </NavLink>
                </nav>
              </NavigationPanel>
            </div>
          </SlideDownContent>
        </SlideDownWrapper>
      </TransitionGroup>
    </SlideDown>
  </div>
</Header>
`;
